============================================================
  Generated by:           Genus(TM) Synthesis Solution 26.10-p002_1
  Generated on:           Sep 17 2026  12:05:01 pm
  Module:                 multicycle_rv32i
  Operating conditions:   slow (balanced_tree)
  Wireload mode:          enclosed
  Area mode:              timing library
============================================================


Path 1: MET (13 ps) Setup Check with Pin pc_reg[2]/CK->D
          Group: clk
     Startpoint: (R) ir_reg[4]/CK
          Clock: (R) clk
       Endpoint: (R) pc_reg[2]/D
          Clock: (R) clk

                     Capture       Launch     
        Clock Edge:+   10000            0     
       Src Latency:+       0            0     
       Net Latency:+       0 (I)        0 (I) 
           Arrival:=   10000            0     
                                              
             Setup:-     217                  
       Uncertainty:-      10                  
     Required Time:=    9773                  
      Launch Clock:-       0                  
         Data Path:-    9760                  
             Slack:=      13                  

#-----------------------------------------------------------------------------------------------------------
#           Timing Point            Flags   Arc   Edge   Cell     Fanout  Load Trans Delay Arrival Instance 
#                                                                         (fF)  (ps)  (ps)   (ps)  Location 
#-----------------------------------------------------------------------------------------------------------
  ir_reg[4]/CK                      -       -     R     (arrival)   1616     -   100     0       0    (-,-) 
  ir_reg[4]/Q                       -       CK->Q R     SDFFHQXL      11  37.2   681   735     735    (-,-) 
  ctrl_inst/g2428/Y                 -       A->Y  R     AND2X2         2   7.0   104   229     964    (-,-) 
  ctrl_inst/g2407/Y                 -       A->Y  R     AND3X2         2  11.4   122   206    1170    (-,-) 
  ctrl_inst/g2460/Y                 -       B->Y  F     NAND3BX2       2  13.0   160   106    1276    (-,-) 
  ctrl_inst/g2386/Y                 -       B->Y  R     NAND4X2        3  25.6   295   193    1469    (-,-) 
  g7131/Y                           -       A->Y  R     AND2X4        31 105.5   336   327    1796    (-,-) 
  g5976/Y                           -       A->Y  F     NAND2X1        1   3.4   102    78    1874    (-,-) 
  g5916/Y                           -       B0->Y R     OAI2BB1X1     36 110.5  1407   810    2685    (-,-) 
  alu_inst/srl_18_37_g2494/Y        -       A->Y  F     INVX1         38 133.8   942   867    3552    (-,-) 
  alu_inst/srl_18_37_g2486__10392/Y -       A->Y  R     NAND2X1       36 133.8  1686  1187    4738    (-,-) 
  alu_inst/sra_19_46_g2450__10417/Y -       A->Y  F     NOR2X1        21  86.6   797   726    5464    (-,-) 
  alu_inst/srl_18_37_g2448__10427/Y -       A->Y  R     NAND2X1        6  27.0   602   427    5891    (-,-) 
  alu_inst/srl_18_37_g2414__10428/Y -       A->Y  F     NOR2X1         2   8.8   163   131    6022    (-,-) 
  alu_inst/sra_19_46_g2351__2883/Y  -       C0->Y R     AOI211X1       1   3.0   305   227    6249    (-,-) 
  alu_inst/sra_19_46_g2328__5477/Y  -       B0->Y F     OAI21XL        1   4.9   301   142    6390    (-,-) 
  alu_inst/g10206__4319/Y           -       B0->Y R     AOI222X1       1   4.8   466   372    6762    (-,-) 
  alu_inst/g10172__7410/Y           -       A->Y  F     NAND3X1        3   9.9   204   162    6924    (-,-) 
  alu_inst/g10154__1617/Y           -       B->Y  F     OR4X2          1   4.1    98   370    7294    (-,-) 
  alu_inst/g10151__5526/Y           -       D->Y  F     OR4X2          1   4.8   101   423    7717    (-,-) 
  alu_inst/g10149__4319/Y           -       C->Y  R     NOR4BX1        1   3.9   312   282    7999    (-,-) 
  alu_inst/g10148__6260/Y           -       C->Y  R     AND3X2         2   6.9    99   227    8226    (-,-) 
  ctrl_inst/g2369/Y                 -       B0->Y F     AOI2BB2X1      1   4.4   116    88    8314    (-,-) 
  ctrl_inst/g2363/Y                 -       A0->Y R     OAI21X1        3  10.6   326   230    8544    (-,-) 
  g7126/Y                           -       B->Y  F     NAND2BX1       3  24.0   253   200    8744    (-,-) 
  g7124/Y                           -       A->Y  R     NOR2X2        32 128.0  1218   754    9498    (-,-) 
  g6758/Y                           -       A->Y  F     NAND2X1        1   4.7   299   109    9607    (-,-) 
  g6713/Y                           -       B->Y  R     NAND4X1        1   1.8   199   153    9760    (-,-) 
  pc_reg[2]/D                       <<<     -     R     DFFRHQX1       1     -     -     0    9760    (-,-) 
#-----------------------------------------------------------------------------------------------------------

