============================================================
  Generated by:           Genus(TM) Synthesis Solution 26.10-p002_1
  Generated on:           Sep 17 2026  12:05:02 pm
  Module:                 multicycle_rv32i
  Operating conditions:   slow (balanced_tree)
  Wireload mode:          enclosed
  Area mode:              timing library
============================================================

Timing
--------

Clock  Period 
--------------
clk   10000.0 


  Cost    Critical         Violating 
 Group   Path Slack  TNS     Paths   
-------------------------------------
clk            13.0   0.0          0 
default    No paths   0.0            
-------------------------------------
Total                 0.0          0 

Instance Count
--------------
Leaf Instance Count             5660 
Physical Instance count            0 
Sequential Instance Count       1616 
Combinational Instance Count    4044 
Hierarchical Instance Count       16 

Area
----
Cell Area                          647635.145
Physical Cell Area                 0.000
Total Cell Area (Cell+Physical)    647635.145
Net Area                           0.000
Total Area (Cell+Physical+Net)     647635.145

Max Fanout                         1616 (clk)
Min Fanout                         0 (n_5)
Average Fanout                     3.3
Terms to net ratio                 4.3680
Terms to instance ratio            4.4668
Runtime                            216.547222 seconds
Elapsed Runtime                    235 seconds
Genus peak memory usage            2484.54 
Innovus peak memory usage          no_value 
Hostname                           CadenceSoftware
