============================================================
  Generated by:           Genus(TM) Synthesis Solution 26.10-p002_1
  Generated on:           Sep 17 2026  12:05:02 pm
  Module:                 multicycle_rv32i
  Operating conditions:   slow (balanced_tree)
  Wireload mode:          enclosed
  Area mode:              timing library
============================================================

     Instance                       Module                    Cell-Count  Cell-Area  Net-Area   Total-Area   Wireload  
-----------------------------------------------------------------------------------------------------------------------
multicycle_rv32i  NA                                                5660 647635.145     0.000   647635.145 <none> (D)  
  alu_inst        alu                                                932  15055.287     0.000    15055.287 <none> (D)  
  bus_inst        soc_interconnect                                    90   1330.560     0.000     1330.560 <none> (D)  
  csr_inst        csr_file                                           359  16209.548     0.000    16209.548 <none> (D)  
  ctrl_inst       control_unit                                       100   1456.963     0.000     1456.963 <none> (D)  
  dmem_inst       ecc_dmem_wrapper                                   480 296994.650     0.000   296994.650 <none> (D)  
    u_dec         secded_decoder_DATA_WIDTH32_PARITY_WIDTH6          129   2614.550     0.000     2614.550 <none> (D)  
    u_dmem        data_mem                                             5 284660.359     0.000   284660.359 <none> (D)  
    u_enc         secded_encoder_DATA_WIDTH32_PARITY_WIDTH6           27    651.974     0.000      651.974 <none> (D)  
    u_err_status  error_status_reg_CNT_WIDTH32                       240   7763.818     0.000     7763.818 <none> (D)  
  ecc_status_inst ecc_status_regs                                     76    911.434     0.000      911.434 <none> (D)  
  imem_inst       inst_mem                                             3 189769.137     0.000   189769.137 <none> (D)  
  imm_inst        imm_gen                                             53    765.072     0.000      765.072 <none> (D)  
  rf_inst         reg_file                                          2567  91090.138     0.000    91090.138 <none> (D)  
  uart_inst       uart_top_CLK_FREQ100000000_BAUD_RATE115200         363  13119.322     0.000    13119.322 <none> (D)  
    rx_fifo_inst  uart_rx_fifo                                        49   3037.003     0.000     3037.003 <none> (D)  
    tx_fifo_inst  uart_tx_fifo                                        85   4201.243     0.000     4201.243 <none> (D)  
  (D) = wireload is default in technology library
